; ModuleID = 'test'
source_filename = "test"
target datalayout = "e-m:e-p270:32:32-p271:32:32-p272:64:64-i64:64-f80:128-n8:16:32:64-S128"
target triple = "x86_64-unknown-linux-gnu"

%class.TestDestructor2 = type <{ %class.CtorDtorOrderRecorder*, i32, [4 x i8] }>
%class.CtorDtorOrderRecorder = type { i32, %"class.std::vector" }
%"class.std::vector" = type { %"struct.std::_Vector_base" }
%"struct.std::_Vector_base" = type { %"struct.std::_Vector_base<int, std::allocator<int> >::_Vector_impl" }
%"struct.std::_Vector_base<int, std::allocator<int> >::_Vector_impl" = type { i32*, i32*, i32* }

declare dso_local i32 @__gxx_personality_v0(...)

; Function Attrs: nounwind uwtable
declare dso_local void @_ZN7PochiVM16ReflectionHelper25destructor_wrapper_helperI15TestDestructor2E9wrapperFnEPS2_(%class.TestDestructor2*) local_unnamed_addr #0 align 2

; Function Attrs: uwtable
declare dso_local void @_ZN7PochiVM16ReflectionHelper26constructor_wrapper_helperI15TestDestructor2JP21CtorDtorOrderRecorderiEE4callIJS4_iEEEvPS2_DpT_(%class.TestDestructor2*, %class.CtorDtorOrderRecorder*, i32) local_unnamed_addr #1 align 2

define void @testfn(%class.CtorDtorOrderRecorder* %_param_0) local_unnamed_addr personality i32 (...)* @__gxx_personality_v0 {
entry:
  %var_1 = alloca %class.TestDestructor2, align 8
  call void @_ZN7PochiVM16ReflectionHelper26constructor_wrapper_helperI15TestDestructor2JP21CtorDtorOrderRecorderiEE4callIJS4_iEEEvPS2_DpT_(%class.TestDestructor2* nonnull %var_1, %class.CtorDtorOrderRecorder* %_param_0, i32 123)
  call void @_ZN7PochiVM16ReflectionHelper25destructor_wrapper_helperI15TestDestructor2E9wrapperFnEPS2_(%class.TestDestructor2* nonnull %var_1)
  ret void
}

attributes #0 = { nounwind uwtable "correctly-rounded-divide-sqrt-fp-math"="false" "disable-tail-calls"="false" "frame-pointer"="none" "less-precise-fpmad"="false" "min-legal-vector-width"="0" "no-infs-fp-math"="false" "no-jump-tables"="false" "no-nans-fp-math"="false" "no-signed-zeros-fp-math"="false" "no-trapping-math"="false" "stack-protector-buffer-size"="8" "unsafe-fp-math"="false" "use-soft-float"="false" }
attributes #1 = { uwtable "correctly-rounded-divide-sqrt-fp-math"="false" "disable-tail-calls"="false" "frame-pointer"="none" "less-precise-fpmad"="false" "min-legal-vector-width"="0" "no-infs-fp-math"="false" "no-jump-tables"="false" "no-nans-fp-math"="false" "no-signed-zeros-fp-math"="false" "no-trapping-math"="false" "stack-protector-buffer-size"="8" "unsafe-fp-math"="false" "use-soft-float"="false" }

!llvm.ident = !{!0, !0}
!llvm.module.flags = !{!1, !2, !3}

!0 = !{!"clang version 10.0.0 "}
!1 = !{i32 7, !"Dwarf Version", i32 4}
!2 = !{i32 2, !"Debug Info Version", i32 3}
!3 = !{i32 1, !"wchar_size", i32 4}
