; ModuleID = 'test'
source_filename = "test"
target datalayout = "e-m:e-p270:32:32-p271:32:32-p272:64:64-i64:64-f80:128-n8:16:32:64-S128"
target triple = "x86_64-unknown-linux-gnu"

declare dso_local i32 @__gxx_personality_v0(...)

; Function Attrs: noinline nounwind optnone uwtable
define available_externally dso_local i32 @_Z27TestConstPrimitiveTypeParamRKiRiRPS_RPiRKS4_RKS2_(i32* dereferenceable(4) %0, i32* dereferenceable(4) %1, i32** dereferenceable(8) %2, i32** dereferenceable(8) %3, i32** dereferenceable(8) %4, i32** dereferenceable(8) %5) #0 {
  %7 = alloca i32*, align 8
  %8 = alloca i32*, align 8
  %9 = alloca i32**, align 8
  %10 = alloca i32**, align 8
  %11 = alloca i32**, align 8
  %12 = alloca i32**, align 8
  store i32* %0, i32** %7, align 8
  store i32* %1, i32** %8, align 8
  store i32** %2, i32*** %9, align 8
  store i32** %3, i32*** %10, align 8
  store i32** %4, i32*** %11, align 8
  store i32** %5, i32*** %12, align 8
  %13 = load i32*, i32** %7, align 8
  %14 = load i32, i32* %13, align 4
  %15 = load i32*, i32** %8, align 8
  %16 = load i32, i32* %15, align 4
  %17 = add nsw i32 %14, %16
  %18 = load i32**, i32*** %9, align 8
  %19 = load i32*, i32** %18, align 8
  %20 = load i32, i32* %19, align 4
  %21 = add nsw i32 %17, %20
  %22 = load i32**, i32*** %10, align 8
  %23 = load i32*, i32** %22, align 8
  %24 = load i32, i32* %23, align 4
  %25 = add nsw i32 %21, %24
  %26 = load i32**, i32*** %11, align 8
  %27 = load i32*, i32** %26, align 8
  %28 = load i32, i32* %27, align 4
  %29 = add nsw i32 %25, %28
  %30 = load i32**, i32*** %12, align 8
  %31 = load i32*, i32** %30, align 8
  %32 = load i32, i32* %31, align 4
  %33 = add nsw i32 %29, %32
  ret i32 %33
}

define i32 @testfn(i32* %_param_0) personality i32 (...)* @__gxx_personality_v0 {
entry:
  %param_0 = alloca i32*
  %var_1 = alloca i32
  %0 = alloca i32
  %1 = alloca i32*
  %2 = alloca i32*
  br label %body

body:                                             ; preds = %entry
  store i32* %_param_0, i32** %param_0
  store i32 3, i32* %var_1
  store i32 1, i32* %0
  %3 = load i32*, i32** %param_0
  store i32* %var_1, i32** %1
  store i32* %var_1, i32** %2
  %4 = call i32 @_Z27TestConstPrimitiveTypeParamRKiRiRPS_RPiRKS4_RKS2_(i32* %0, i32* %3, i32** %param_0, i32** %param_0, i32** %1, i32** %2)
  ret i32 %4
}

attributes #0 = { noinline nounwind optnone uwtable "correctly-rounded-divide-sqrt-fp-math"="false" "disable-tail-calls"="false" "frame-pointer"="all" "less-precise-fpmad"="false" "min-legal-vector-width"="0" "no-infs-fp-math"="false" "no-jump-tables"="false" "no-nans-fp-math"="false" "no-signed-zeros-fp-math"="false" "no-trapping-math"="false" "stack-protector-buffer-size"="8" "unsafe-fp-math"="false" "use-soft-float"="false" }

!llvm.ident = !{!0}
!llvm.module.flags = !{!1, !2, !3}

!0 = !{!"clang version 10.0.0 "}
!1 = !{i32 7, !"Dwarf Version", i32 4}
!2 = !{i32 2, !"Debug Info Version", i32 3}
!3 = !{i32 1, !"wchar_size", i32 4}
