Function BadFn: use of 'Break' statement while not in a loop