Function BadFn: use of undeclared variable myVarName_0