; ModuleID = 'test'
source_filename = "test"

declare dso_local i32 @__gxx_personality_v0(...)

define i32 @GoodFn(i32 %_param_0) personality i32 (...)* @__gxx_personality_v0 {
entry:
  %param_0 = alloca i32
  br label %body

body:                                             ; preds = %entry
  store i32 %_param_0, i32* %param_0
  %0 = load i32, i32* %param_0
  %if0 = icmp eq i32 %0, 1
  br i1 %if0, label %then0, label %else0

then0:                                            ; preds = %body
  ret i32 1

else0:                                            ; preds = %body
  %1 = load i32, i32* %param_0
  %2 = add i32 %1, 1
  store i32 %2, i32* %param_0
  br label %after_if0

after_if0:                                        ; preds = %else0
  %3 = load i32, i32* %param_0
  %4 = call i32 @GoodFn(i32 %3)
  ret i32 %4
}
