; ModuleID = 'test'
source_filename = "test"
target datalayout = "e-m:e-p270:32:32-p271:32:32-p272:64:64-i64:64-f80:128-n8:16:32:64-S128"
target triple = "x86_64-unknown-linux-gnu"

%struct.TestGeneratedFnPtr = type { i64 }
%"struct.PochiVM::ReflectionHelper::tpl_sequence.6" = type { i8 }

declare dso_local i32 @__gxx_personality_v0(...)

; Function Attrs: noinline nounwind optnone uwtable
define available_externally dso_local void @_ZN7PochiVM16ReflectionHelper25destructor_wrapper_helperI18TestGeneratedFnPtrE9wrapperFnEPS2_(%struct.TestGeneratedFnPtr* %0) #0 align 2 {
  %2 = alloca %struct.TestGeneratedFnPtr*, align 8
  store %struct.TestGeneratedFnPtr* %0, %struct.TestGeneratedFnPtr** %2, align 8
  %3 = load %struct.TestGeneratedFnPtr*, %struct.TestGeneratedFnPtr** %2, align 8
  ret void
}

; Function Attrs: noinline optnone uwtable
define available_externally dso_local void @_ZN7PochiVM16ReflectionHelper26constructor_wrapper_helperI18TestGeneratedFnPtrJmEE4callIJmEEEvPS2_DpT_(%struct.TestGeneratedFnPtr* %0, i64 %1) #1 align 2 {
  %3 = alloca %struct.TestGeneratedFnPtr*, align 8
  %4 = alloca i64, align 8
  %5 = alloca %"struct.PochiVM::ReflectionHelper::tpl_sequence.6", align 1
  store %struct.TestGeneratedFnPtr* %0, %struct.TestGeneratedFnPtr** %3, align 8
  store i64 %1, i64* %4, align 8
  %6 = load %struct.TestGeneratedFnPtr*, %struct.TestGeneratedFnPtr** %3, align 8
  %7 = load i64, i64* %4, align 8
  call void @_ZN7PochiVM16ReflectionHelper26constructor_wrapper_helperI18TestGeneratedFnPtrJmEE9call_implIJLi0EEJmEEEvNS0_12tpl_sequenceIJXspT_EEEEPS2_DpT0_(%struct.TestGeneratedFnPtr* %6, i64 %7)
  ret void
}

; Function Attrs: noinline optnone uwtable
declare dso_local void @_ZN7PochiVM16ReflectionHelper26constructor_wrapper_helperI18TestGeneratedFnPtrJmEE9call_implIJLi0EEJmEEEvNS0_12tpl_sequenceIJXspT_EEEEPS2_DpT0_(%struct.TestGeneratedFnPtr*, i64) #1 align 2

; Function Attrs: noinline optnone uwtable
define available_externally dso_local i32 @_ZN18TestGeneratedFnPtr7executeEii(%struct.TestGeneratedFnPtr* %0, i32 %1, i32 %2) #1 align 2 {
  %4 = alloca %struct.TestGeneratedFnPtr*, align 8
  %5 = alloca i32, align 4
  %6 = alloca i32, align 4
  %7 = alloca %struct.TestGeneratedFnPtr, align 8
  store %struct.TestGeneratedFnPtr* %0, %struct.TestGeneratedFnPtr** %4, align 8
  store i32 %1, i32* %5, align 4
  store i32 %2, i32* %6, align 4
  %8 = load %struct.TestGeneratedFnPtr*, %struct.TestGeneratedFnPtr** %4, align 8
  %9 = getelementptr inbounds %struct.TestGeneratedFnPtr, %struct.TestGeneratedFnPtr* %8, i32 0, i32 0
  %10 = load i64, i64* %9, align 8
  call void @_ZN7PochiVM24GeneratedFunctionPointerIPFiiiEEC2Em(%struct.TestGeneratedFnPtr* %7, i64 %10) #2
  %11 = load i32, i32* %5, align 4
  %12 = load i32, i32* %6, align 4
  %13 = call i32 @_ZN7PochiVM24GeneratedFunctionPointerIPFiiiEEclEii(%struct.TestGeneratedFnPtr* %7, i32 %11, i32 %12)
  ret i32 %13
}

; Function Attrs: noinline nounwind optnone uwtable
declare dso_local void @_ZN7PochiVM24GeneratedFunctionPointerIPFiiiEEC2Em(%struct.TestGeneratedFnPtr*, i64) unnamed_addr #0 align 2

; Function Attrs: noinline optnone uwtable
declare dso_local i32 @_ZN7PochiVM24GeneratedFunctionPointerIPFiiiEEclEii(%struct.TestGeneratedFnPtr*, i32, i32) #1 align 2

define i32 @a_plus_b(i32 %_param_0, i32 %_param_1) personality i32 (...)* @__gxx_personality_v0 {
entry:
  %param_0 = alloca i32
  %param_1 = alloca i32
  br label %body

body:                                             ; preds = %entry
  store i32 %_param_0, i32* %param_0
  store i32 %_param_1, i32* %param_1
  %0 = load i32, i32* %param_0
  %1 = load i32, i32* %param_1
  %2 = add i32 %0, %1
  ret i32 %2
}

define i32 @testfn(i32 %_param_0, i32 %_param_1) personality i32 (...)* @__gxx_personality_v0 {
entry:
  %param_0 = alloca i32
  %param_1 = alloca i32
  %var_2 = alloca %struct.TestGeneratedFnPtr
  %_cur_exception_object = alloca i8*
  %_cur_exception_type = alloca i32
  br label %body

body:                                             ; preds = %entry
  store i32 %_param_0, i32* %param_0
  store i32 %_param_1, i32* %param_1
  call void @_ZN7PochiVM16ReflectionHelper26constructor_wrapper_helperI18TestGeneratedFnPtrJmEE4callIJmEEEvPS2_DpT_(%struct.TestGeneratedFnPtr* %var_2, i64 ptrtoint (i32 (i32, i32)* @a_plus_b to i64))
  %0 = load i32, i32* %param_0
  %1 = load i32, i32* %param_1
  %2 = invoke i32 @_ZN18TestGeneratedFnPtr7executeEii(%struct.TestGeneratedFnPtr* %var_2, i32 %0, i32 %1)
          to label %10 unwind label %landing_pad_0

resume_exception:                                 ; preds = %dtor_tree_0
  %3 = load i8*, i8** %_cur_exception_object
  %4 = load i32, i32* %_cur_exception_type
  %5 = insertvalue { i8*, i32 } undef, i8* %3, 0
  %6 = insertvalue { i8*, i32 } %5, i32 %4, 1
  resume { i8*, i32 } %6

dtor_tree_0:                                      ; preds = %landing_pad_0
  call void @_ZN7PochiVM16ReflectionHelper25destructor_wrapper_helperI18TestGeneratedFnPtrE9wrapperFnEPS2_(%struct.TestGeneratedFnPtr* %var_2)
  br label %resume_exception

landing_pad_0:                                    ; preds = %body
  %7 = landingpad { i8*, i32 }
          cleanup
  %8 = extractvalue { i8*, i32 } %7, 0
  store i8* %8, i8** %_cur_exception_object
  %9 = extractvalue { i8*, i32 } %7, 1
  store i32 %9, i32* %_cur_exception_type
  br label %dtor_tree_0

10:                                               ; preds = %body
  call void @_ZN7PochiVM16ReflectionHelper25destructor_wrapper_helperI18TestGeneratedFnPtrE9wrapperFnEPS2_(%struct.TestGeneratedFnPtr* %var_2)
  ret i32 %2
}

attributes #0 = { noinline nounwind optnone uwtable "correctly-rounded-divide-sqrt-fp-math"="false" "disable-tail-calls"="false" "frame-pointer"="all" "less-precise-fpmad"="false" "min-legal-vector-width"="0" "no-infs-fp-math"="false" "no-jump-tables"="false" "no-nans-fp-math"="false" "no-signed-zeros-fp-math"="false" "no-trapping-math"="false" "stack-protector-buffer-size"="8" "unsafe-fp-math"="false" "use-soft-float"="false" }
attributes #1 = { noinline optnone uwtable "correctly-rounded-divide-sqrt-fp-math"="false" "disable-tail-calls"="false" "frame-pointer"="all" "less-precise-fpmad"="false" "min-legal-vector-width"="0" "no-infs-fp-math"="false" "no-jump-tables"="false" "no-nans-fp-math"="false" "no-signed-zeros-fp-math"="false" "no-trapping-math"="false" "stack-protector-buffer-size"="8" "unsafe-fp-math"="false" "use-soft-float"="false" }
attributes #2 = { nounwind }

!llvm.ident = !{!0, !0, !0}
!llvm.module.flags = !{!1, !2, !3}

!0 = !{!"clang version 10.0.0 "}
!1 = !{i32 7, !"Dwarf Version", i32 4}
!2 = !{i32 2, !"Debug Info Version", i32 3}
!3 = !{i32 1, !"wchar_size", i32 4}
