; ModuleID = 'test'
source_filename = "test"
target datalayout = "e-m:e-p270:32:32-p271:32:32-p272:64:64-i64:64-f80:128-n8:16:32:64-S128"
target triple = "x86_64-unknown-linux-gnu"

declare dso_local i32 @__gxx_personality_v0(...)

; Function Attrs: nofree norecurse nounwind
define i8* @testfn(i8* %_param_0, i8** nocapture %_param_1) local_unnamed_addr #0 personality i32 (...)* @__gxx_personality_v0 {
entry:
  %0 = ptrtoint i8* %_param_0 to i64
  %1 = bitcast i8** %_param_1 to i64*
  store i64 %0, i64* %1, align 8, !tbaa !4
  %2 = getelementptr inbounds i8*, i8** %_param_1, i64 1
  %3 = load i8*, i8** %2, align 8, !tbaa !4
  ret i8* %3
}

attributes #0 = { nofree norecurse nounwind }

!llvm.ident = !{!0}
!llvm.module.flags = !{!1, !2, !3}

!0 = !{!"clang version 10.0.0 "}
!1 = !{i32 7, !"Dwarf Version", i32 4}
!2 = !{i32 2, !"Debug Info Version", i32 3}
!3 = !{i32 1, !"wchar_size", i32 4}
!4 = !{!5, !5, i64 0}
!5 = !{!"any pointer", !6, i64 0}
!6 = !{!"omnipotent char", !7, i64 0}
!7 = !{!"Simple C++ TBAA"}
