; ModuleID = 'test'
source_filename = "test"
target datalayout = "e-m:e-p270:32:32-p271:32:32-p272:64:64-i64:64-f80:128-n8:16:32:64-S128"
target triple = "x86_64-unknown-linux-gnu"

%class.TestNonTrivialConstructor = type { i32 }

declare dso_local i32 @__gxx_personality_v0(...)

; Function Attrs: nounwind uwtable
define available_externally dso_local void @_ZN7PochiVM16ReflectionHelper25destructor_wrapper_helperI25TestNonTrivialConstructorE9wrapperFnEPS2_(%class.TestNonTrivialConstructor* %0) #0 align 2 {
  ret void
}

; Function Attrs: uwtable
define available_externally dso_local void @_ZN7PochiVM16ReflectionHelper23function_wrapper_helperIXadL_ZN25TestNonTrivialConstructor6CreateEiEEE15call_fn_wrapperIS2_vE4callIJiEEEvPS2_DpT_(%class.TestNonTrivialConstructor* %0, i32 %1) #1 align 2 personality i32 (...)* @__gxx_personality_v0 {
  %3 = getelementptr inbounds %class.TestNonTrivialConstructor, %class.TestNonTrivialConstructor* %0, i64 0, i32 0
  store i32 %1, i32* %3, align 4
  ret void
}

; Function Attrs: nounwind uwtable
define available_externally dso_local i32 @_ZN25TestNonTrivialConstructor8GetValueEv(%class.TestNonTrivialConstructor* %0) #0 align 2 {
  %2 = getelementptr inbounds %class.TestNonTrivialConstructor, %class.TestNonTrivialConstructor* %0, i64 0, i32 0
  %3 = load i32, i32* %2, align 4, !tbaa !4
  ret i32 %3
}

define zeroext i1 @testfn(i32 %_param_0) personality i32 (...)* @__gxx_personality_v0 {
entry:
  %param_0 = alloca i32
  %var_1 = alloca %class.TestNonTrivialConstructor
  br label %body

body:                                             ; preds = %entry
  store i32 %_param_0, i32* %param_0
  %0 = load i32, i32* %param_0
  call void @_ZN7PochiVM16ReflectionHelper23function_wrapper_helperIXadL_ZN25TestNonTrivialConstructor6CreateEiEEE15call_fn_wrapperIS2_vE4callIJiEEEvPS2_DpT_(%class.TestNonTrivialConstructor* %var_1, i32 %0)
  %1 = call i32 @_ZN25TestNonTrivialConstructor8GetValueEv(%class.TestNonTrivialConstructor* %var_1)
  %2 = icmp eq i32 %1, 233
  call void @_ZN7PochiVM16ReflectionHelper25destructor_wrapper_helperI25TestNonTrivialConstructorE9wrapperFnEPS2_(%class.TestNonTrivialConstructor* %var_1)
  ret i1 %2
}

attributes #0 = { nounwind uwtable "correctly-rounded-divide-sqrt-fp-math"="false" "disable-tail-calls"="false" "frame-pointer"="none" "less-precise-fpmad"="false" "min-legal-vector-width"="0" "no-infs-fp-math"="false" "no-jump-tables"="false" "no-nans-fp-math"="false" "no-signed-zeros-fp-math"="false" "no-trapping-math"="false" "stack-protector-buffer-size"="8" "unsafe-fp-math"="false" "use-soft-float"="false" }
attributes #1 = { uwtable "correctly-rounded-divide-sqrt-fp-math"="false" "disable-tail-calls"="false" "frame-pointer"="none" "less-precise-fpmad"="false" "min-legal-vector-width"="0" "no-infs-fp-math"="false" "no-jump-tables"="false" "no-nans-fp-math"="false" "no-signed-zeros-fp-math"="false" "no-trapping-math"="false" "stack-protector-buffer-size"="8" "unsafe-fp-math"="false" "use-soft-float"="false" }

!llvm.ident = !{!0, !0, !0}
!llvm.module.flags = !{!1, !2, !3}

!0 = !{!"clang version 10.0.0 "}
!1 = !{i32 7, !"Dwarf Version", i32 4}
!2 = !{i32 2, !"Debug Info Version", i32 3}
!3 = !{i32 1, !"wchar_size", i32 4}
!4 = !{!5, !6, i64 0}
!5 = !{!"_ZTS25TestNonTrivialConstructor", !6, i64 0}
!6 = !{!"int", !7, i64 0}
!7 = !{!"omnipotent char", !8, i64 0}
!8 = !{!"Simple C++ TBAA"}
