; ModuleID = 'test'
source_filename = "test"
target datalayout = "e-m:e-p270:32:32-p271:32:32-p272:64:64-i64:64-f80:128-n8:16:32:64-S128"
target triple = "x86_64-unknown-linux-gnu"

%struct.TestConstPrimitiveTypeCtor = type { i32 }
%"struct.PochiVM::ReflectionHelper::tpl_sequence.184" = type { i8 }

declare dso_local i32 @__gxx_personality_v0(...)

; Function Attrs: noinline nounwind optnone uwtable
define available_externally dso_local void @_ZN7PochiVM16ReflectionHelper25destructor_wrapper_helperI26TestConstPrimitiveTypeCtorE9wrapperFnEPS2_(%struct.TestConstPrimitiveTypeCtor* %0) #0 align 2 {
  %2 = alloca %struct.TestConstPrimitiveTypeCtor*, align 8
  store %struct.TestConstPrimitiveTypeCtor* %0, %struct.TestConstPrimitiveTypeCtor** %2, align 8
  %3 = load %struct.TestConstPrimitiveTypeCtor*, %struct.TestConstPrimitiveTypeCtor** %2, align 8
  ret void
}

; Function Attrs: noinline optnone uwtable
define available_externally dso_local void @_ZN7PochiVM16ReflectionHelper26constructor_wrapper_helperI26TestConstPrimitiveTypeCtorJRKiRiRPS3_RPiRKS8_RKS6_EE4callIJS6_S8_PS6_PS8_PSA_PSC_EEEvPS2_DpT_(%struct.TestConstPrimitiveTypeCtor* %0, i32* %1, i32* %2, i32** %3, i32** %4, i32** %5, i32** %6) #1 align 2 {
  %8 = alloca %struct.TestConstPrimitiveTypeCtor*, align 8
  %9 = alloca i32*, align 8
  %10 = alloca i32*, align 8
  %11 = alloca i32**, align 8
  %12 = alloca i32**, align 8
  %13 = alloca i32**, align 8
  %14 = alloca i32**, align 8
  %15 = alloca %"struct.PochiVM::ReflectionHelper::tpl_sequence.184", align 1
  store %struct.TestConstPrimitiveTypeCtor* %0, %struct.TestConstPrimitiveTypeCtor** %8, align 8
  store i32* %1, i32** %9, align 8
  store i32* %2, i32** %10, align 8
  store i32** %3, i32*** %11, align 8
  store i32** %4, i32*** %12, align 8
  store i32** %5, i32*** %13, align 8
  store i32** %6, i32*** %14, align 8
  %16 = load %struct.TestConstPrimitiveTypeCtor*, %struct.TestConstPrimitiveTypeCtor** %8, align 8
  %17 = load i32*, i32** %9, align 8
  %18 = load i32*, i32** %10, align 8
  %19 = load i32**, i32*** %11, align 8
  %20 = load i32**, i32*** %12, align 8
  %21 = load i32**, i32*** %13, align 8
  %22 = load i32**, i32*** %14, align 8
  call void @_ZN7PochiVM16ReflectionHelper26constructor_wrapper_helperI26TestConstPrimitiveTypeCtorJRKiRiRPS3_RPiRKS8_RKS6_EE9call_implIJLi0ELi1ELi2ELi3ELi4ELi5EEJS6_S8_PS6_PS8_PSA_PSC_EEEvNS0_12tpl_sequenceIJXspT_EEEEPS2_DpT0_(%struct.TestConstPrimitiveTypeCtor* %16, i32* %17, i32* %18, i32** %19, i32** %20, i32** %21, i32** %22)
  ret void
}

; Function Attrs: noinline optnone uwtable
declare dso_local void @_ZN7PochiVM16ReflectionHelper26constructor_wrapper_helperI26TestConstPrimitiveTypeCtorJRKiRiRPS3_RPiRKS8_RKS6_EE9call_implIJLi0ELi1ELi2ELi3ELi4ELi5EEJS6_S8_PS6_PS8_PSA_PSC_EEEvNS0_12tpl_sequenceIJXspT_EEEEPS2_DpT0_(%struct.TestConstPrimitiveTypeCtor*, i32*, i32*, i32**, i32**, i32**, i32**) #1 align 2

; Function Attrs: noinline nounwind optnone uwtable
define available_externally dso_local dereferenceable(4) i32* @_ZN7PochiVM16ReflectionHelper30member_object_accessor_wrapperIXadL_ZN26TestConstPrimitiveTypeCtor5valueEEEE9wrapperFnEPS2_(%struct.TestConstPrimitiveTypeCtor* %0) #0 align 2 {
  %2 = alloca %struct.TestConstPrimitiveTypeCtor*, align 8
  store %struct.TestConstPrimitiveTypeCtor* %0, %struct.TestConstPrimitiveTypeCtor** %2, align 8
  %3 = load %struct.TestConstPrimitiveTypeCtor*, %struct.TestConstPrimitiveTypeCtor** %2, align 8
  %4 = bitcast %struct.TestConstPrimitiveTypeCtor* %3 to i8*
  %5 = getelementptr inbounds i8, i8* %4, i64 0
  %6 = bitcast i8* %5 to i32*
  ret i32* %6
}

define i32 @testfn(i32* %_param_0) personality i32 (...)* @__gxx_personality_v0 {
entry:
  %param_0 = alloca i32*
  %var_1 = alloca i32
  %var_2 = alloca %struct.TestConstPrimitiveTypeCtor
  %0 = alloca i32
  %1 = alloca i32*
  %2 = alloca i32*
  br label %body

body:                                             ; preds = %entry
  store i32* %_param_0, i32** %param_0
  store i32 3, i32* %var_1
  store i32 1, i32* %0
  %3 = load i32*, i32** %param_0
  store i32* %var_1, i32** %1
  store i32* %var_1, i32** %2
  call void @_ZN7PochiVM16ReflectionHelper26constructor_wrapper_helperI26TestConstPrimitiveTypeCtorJRKiRiRPS3_RPiRKS8_RKS6_EE4callIJS6_S8_PS6_PS8_PSA_PSC_EEEvPS2_DpT_(%struct.TestConstPrimitiveTypeCtor* %var_2, i32* %0, i32* %3, i32** %param_0, i32** %param_0, i32** %1, i32** %2)
  %4 = call i32* @_ZN7PochiVM16ReflectionHelper30member_object_accessor_wrapperIXadL_ZN26TestConstPrimitiveTypeCtor5valueEEEE9wrapperFnEPS2_(%struct.TestConstPrimitiveTypeCtor* %var_2)
  %5 = load i32, i32* %4
  call void @_ZN7PochiVM16ReflectionHelper25destructor_wrapper_helperI26TestConstPrimitiveTypeCtorE9wrapperFnEPS2_(%struct.TestConstPrimitiveTypeCtor* %var_2)
  ret i32 %5
}

attributes #0 = { noinline nounwind optnone uwtable "correctly-rounded-divide-sqrt-fp-math"="false" "disable-tail-calls"="false" "frame-pointer"="all" "less-precise-fpmad"="false" "min-legal-vector-width"="0" "no-infs-fp-math"="false" "no-jump-tables"="false" "no-nans-fp-math"="false" "no-signed-zeros-fp-math"="false" "no-trapping-math"="false" "stack-protector-buffer-size"="8" "unsafe-fp-math"="false" "use-soft-float"="false" }
attributes #1 = { noinline optnone uwtable "correctly-rounded-divide-sqrt-fp-math"="false" "disable-tail-calls"="false" "frame-pointer"="all" "less-precise-fpmad"="false" "min-legal-vector-width"="0" "no-infs-fp-math"="false" "no-jump-tables"="false" "no-nans-fp-math"="false" "no-signed-zeros-fp-math"="false" "no-trapping-math"="false" "stack-protector-buffer-size"="8" "unsafe-fp-math"="false" "use-soft-float"="false" }

!llvm.ident = !{!0, !0, !0}
!llvm.module.flags = !{!1, !2, !3}

!0 = !{!"clang version 10.0.0 "}
!1 = !{i32 7, !"Dwarf Version", i32 4}
!2 = !{i32 2, !"Debug Info Version", i32 3}
!3 = !{i32 1, !"wchar_size", i32 4}
