; ModuleID = 'test'
source_filename = "test"
target datalayout = "e-m:e-p270:32:32-p271:32:32-p272:64:64-i64:64-f80:128-n8:16:32:64-S128"
target triple = "x86_64-unknown-linux-gnu"

%struct.TestNonTrivialCopyConstructor = type { i32 }

@_ZTI29TestNonTrivialCopyConstructor = external dso_local constant { i8*, i8* }
@_ZN29TestNonTrivialCopyConstructor7counterE = external dso_local local_unnamed_addr global i32, align 4

declare dso_local i32 @__gxx_personality_v0(...)

; Function Attrs: nounwind uwtable
declare dso_local void @_ZN7PochiVM16ReflectionHelper25destructor_wrapper_helperI29TestNonTrivialCopyConstructorE9wrapperFnEPS2_(%struct.TestNonTrivialCopyConstructor*) #0 align 2

; Function Attrs: nounwind
declare dso_local i8* @__cxa_allocate_exception(i64) local_unnamed_addr #1

declare dso_local void @__cxa_throw(i8*, i8*, i8*) local_unnamed_addr

define void @testfn(i32 %_param_0) local_unnamed_addr personality i32 (...)* @__gxx_personality_v0 {
  %1 = tail call i8* @__cxa_allocate_exception(i64 4)
  %2 = load i32, i32* @_ZN29TestNonTrivialCopyConstructor7counterE, align 4, !tbaa !4
  %3 = add nsw i32 %2, 1
  store i32 %3, i32* @_ZN29TestNonTrivialCopyConstructor7counterE, align 4, !tbaa !4
  %4 = bitcast i8* %1 to i32*
  store i32 %_param_0, i32* %4, align 4, !tbaa !8
  call void @__cxa_throw(i8* %1, i8* bitcast ({ i8*, i8* }* @_ZTI29TestNonTrivialCopyConstructor to i8*), i8* bitcast (void (%struct.TestNonTrivialCopyConstructor*)* @_ZN7PochiVM16ReflectionHelper25destructor_wrapper_helperI29TestNonTrivialCopyConstructorE9wrapperFnEPS2_ to i8*))
  unreachable
}

attributes #0 = { nounwind uwtable "correctly-rounded-divide-sqrt-fp-math"="false" "disable-tail-calls"="false" "frame-pointer"="none" "less-precise-fpmad"="false" "min-legal-vector-width"="0" "no-infs-fp-math"="false" "no-jump-tables"="false" "no-nans-fp-math"="false" "no-signed-zeros-fp-math"="false" "no-trapping-math"="false" "stack-protector-buffer-size"="8" "unsafe-fp-math"="false" "use-soft-float"="false" }
attributes #1 = { nounwind }

!llvm.ident = !{!0, !0, !0}
!llvm.module.flags = !{!1, !2, !3}

!0 = !{!"clang version 10.0.0 "}
!1 = !{i32 7, !"Dwarf Version", i32 4}
!2 = !{i32 2, !"Debug Info Version", i32 3}
!3 = !{i32 1, !"wchar_size", i32 4}
!4 = !{!5, !5, i64 0}
!5 = !{!"int", !6, i64 0}
!6 = !{!"omnipotent char", !7, i64 0}
!7 = !{!"Simple C++ TBAA"}
!8 = !{!9, !5, i64 0}
!9 = !{!"_ZTS29TestNonTrivialCopyConstructor", !5, i64 0}
