; ModuleID = '_ZN7PochiVM16ReflectionHelper23function_wrapper_helperIXadL_Z21FreeFnTestSmallClass514TestSmallClassiEEE15call_fn_wrapperIivE4callIJPS2_iEEEiDpT_'
source_filename = "../../runtime/pochivm_register_runtime.cpp"
target datalayout = "e-m:e-p270:32:32-p271:32:32-p272:64:64-i64:64-f80:128-n8:16:32:64-S128"
target triple = "x86_64-unknown-linux-gnu"

%class.TestSmallClass = type <{ %class.TestLargeClass*, i8, i8, i16, [4 x i8] }>
%class.TestLargeClass = type { i64, i64, i16, i32, %class.TestSmallClass* }

; Function Attrs: noinline optnone uwtable
define dso_local i32 @_ZN7PochiVM16ReflectionHelper23function_wrapper_helperIXadL_Z21FreeFnTestSmallClass514TestSmallClassiEEE15call_fn_wrapperIivE4callIJPS2_iEEEiDpT_(%class.TestSmallClass* %0, i32 %1) #0 align 2 {
  %3 = alloca %class.TestSmallClass*, align 8
  %4 = alloca i32, align 4
  store %class.TestSmallClass* %0, %class.TestSmallClass** %3, align 8
  store i32 %1, i32* %4, align 4
  %5 = load %class.TestSmallClass*, %class.TestSmallClass** %3, align 8
  %6 = load i32, i32* %4, align 4
  %7 = call i32 @_ZN7PochiVM16ReflectionHelper23function_wrapper_helperIXadL_Z21FreeFnTestSmallClass514TestSmallClassiEEE12call_fn_implIiJPS2_iEEET_DpT0_(%class.TestSmallClass* %5, i32 %6)
  ret i32 %7
}

; Function Attrs: noinline optnone uwtable
declare dso_local i32 @_ZN7PochiVM16ReflectionHelper23function_wrapper_helperIXadL_Z21FreeFnTestSmallClass514TestSmallClassiEEE12call_fn_implIiJPS2_iEEET_DpT0_(%class.TestSmallClass*, i32) #0 align 2

attributes #0 = { noinline optnone uwtable "correctly-rounded-divide-sqrt-fp-math"="false" "disable-tail-calls"="false" "frame-pointer"="all" "less-precise-fpmad"="false" "min-legal-vector-width"="0" "no-infs-fp-math"="false" "no-jump-tables"="false" "no-nans-fp-math"="false" "no-signed-zeros-fp-math"="false" "no-trapping-math"="false" "stack-protector-buffer-size"="8" "unsafe-fp-math"="false" "use-soft-float"="false" }

!llvm.module.flags = !{!0, !1, !2}
!llvm.ident = !{!3}

!0 = !{i32 7, !"Dwarf Version", i32 4}
!1 = !{i32 2, !"Debug Info Version", i32 3}
!2 = !{i32 1, !"wchar_size", i32 4}
!3 = !{!"clang version 10.0.0 "}
