; ModuleID = 'test'
source_filename = "test"
target datalayout = "e-m:e-p270:32:32-p271:32:32-p272:64:64-i64:64-f80:128-n8:16:32:64-S128"
target triple = "x86_64-unknown-linux-gnu"

@_ZZ23TestStaticVarInFunctionbE1x = external dso_local local_unnamed_addr global i32, align 4

declare dso_local i32 @__gxx_personality_v0(...)

; Function Attrs: inlinehint nounwind uwtable
define available_externally dso_local i32 @_Z23TestStaticVarInFunctionb(i1 zeroext %0) #0 {
  %2 = load i32, i32* @_ZZ23TestStaticVarInFunctionbE1x, align 4
  %3 = add nsw i32 %2, 12
  %4 = select i1 %0, i32 123, i32 %3
  store i32 %4, i32* @_ZZ23TestStaticVarInFunctionbE1x, align 4, !tbaa !4
  ret i32 %4
}

define i32 @testfn() personality i32 (...)* @__gxx_personality_v0 {
entry:
  br label %body

body:                                             ; preds = %entry
  %0 = call i32 @_Z23TestStaticVarInFunctionb(i1 false)
  ret i32 %0
}

attributes #0 = { inlinehint nounwind uwtable "correctly-rounded-divide-sqrt-fp-math"="false" "disable-tail-calls"="false" "frame-pointer"="none" "less-precise-fpmad"="false" "min-legal-vector-width"="0" "no-infs-fp-math"="false" "no-jump-tables"="false" "no-nans-fp-math"="false" "no-signed-zeros-fp-math"="false" "no-trapping-math"="false" "stack-protector-buffer-size"="8" "unsafe-fp-math"="false" "use-soft-float"="false" }

!llvm.ident = !{!0}
!llvm.module.flags = !{!1, !2, !3}

!0 = !{!"clang version 10.0.0 "}
!1 = !{i32 7, !"Dwarf Version", i32 4}
!2 = !{i32 2, !"Debug Info Version", i32 3}
!3 = !{i32 1, !"wchar_size", i32 4}
!4 = !{!5, !5, i64 0}
!5 = !{!"int", !6, i64 0}
!6 = !{!"omnipotent char", !7, i64 0}
!7 = !{!"Simple C++ TBAA"}
