Function BadFn: unreachable statement (AstNodeType = AstReturnStmt) due to an earlier Return statement