; ModuleID = 'test'
source_filename = "test"
target datalayout = "e-m:e-p270:32:32-p271:32:32-p272:64:64-i64:64-f80:128-n8:16:32:64-S128"
target triple = "x86_64-unknown-linux-gnu"

%class.TestDestructor1 = type { i32, i32* }

declare dso_local i32 @__gxx_personality_v0(...)

; Function Attrs: nofree norecurse nounwind
define void @testfn(%class.TestDestructor1* nocapture readonly %_param_0) local_unnamed_addr #0 personality i32 (...)* @__gxx_personality_v0 {
entry:
  %0 = getelementptr inbounds %class.TestDestructor1, %class.TestDestructor1* %_param_0, i64 0, i32 0
  %1 = load i32, i32* %0, align 8, !tbaa !4
  %2 = getelementptr inbounds %class.TestDestructor1, %class.TestDestructor1* %_param_0, i64 0, i32 1
  %3 = load i32*, i32** %2, align 8, !tbaa !10
  store i32 %1, i32* %3, align 4, !tbaa !11
  ret void
}

attributes #0 = { nofree norecurse nounwind }

!llvm.ident = !{!0}
!llvm.module.flags = !{!1, !2, !3}

!0 = !{!"clang version 10.0.0 "}
!1 = !{i32 7, !"Dwarf Version", i32 4}
!2 = !{i32 2, !"Debug Info Version", i32 3}
!3 = !{i32 1, !"wchar_size", i32 4}
!4 = !{!5, !6, i64 0}
!5 = !{!"_ZTS15TestDestructor1", !6, i64 0, !9, i64 8}
!6 = !{!"int", !7, i64 0}
!7 = !{!"omnipotent char", !8, i64 0}
!8 = !{!"Simple C++ TBAA"}
!9 = !{!"any pointer", !7, i64 0}
!10 = !{!5, !9, i64 8}
!11 = !{!6, !6, i64 0}
