; ModuleID = 'test'
source_filename = "test"
target datalayout = "e-m:e-p270:32:32-p271:32:32-p272:64:64-i64:64-f80:128-n8:16:32:64-S128"
target triple = "x86_64-unknown-linux-gnu"

%"struct.std::pair.156" = type <{ double, float, [4 x i8] }>
%"struct.std::pair.163" = type { double, i64 }

declare dso_local i32 @__gxx_personality_v0(...)

; Function Attrs: noinline nounwind optnone uwtable
define available_externally dso_local double @_Z26TestMismatchedLLVMTypeNamePSt4pairIdfE(%"struct.std::pair.156"* %0) #0 {
  %2 = alloca %"struct.std::pair.156"*, align 8
  store %"struct.std::pair.156"* %0, %"struct.std::pair.156"** %2, align 8
  %3 = load %"struct.std::pair.156"*, %"struct.std::pair.156"** %2, align 8
  %4 = getelementptr inbounds %"struct.std::pair.156", %"struct.std::pair.156"* %3, i32 0, i32 0
  %5 = load double, double* %4, align 8
  %6 = load %"struct.std::pair.156"*, %"struct.std::pair.156"** %2, align 8
  %7 = getelementptr inbounds %"struct.std::pair.156", %"struct.std::pair.156"* %6, i32 0, i32 1
  %8 = load float, float* %7, align 8
  %9 = fpext float %8 to double
  %10 = fadd double %5, %9
  ret double %10
}

; Function Attrs: noinline nounwind optnone uwtable
define available_externally dso_local double @_Z27TestMismatchedLLVMTypeName2PSt4pairIdmE(%"struct.std::pair.163"* %0) #0 {
  %2 = alloca %"struct.std::pair.163"*, align 8
  store %"struct.std::pair.163"* %0, %"struct.std::pair.163"** %2, align 8
  %3 = load %"struct.std::pair.163"*, %"struct.std::pair.163"** %2, align 8
  %4 = getelementptr inbounds %"struct.std::pair.163", %"struct.std::pair.163"* %3, i32 0, i32 0
  %5 = load double, double* %4, align 8
  %6 = load %"struct.std::pair.163"*, %"struct.std::pair.163"** %2, align 8
  %7 = getelementptr inbounds %"struct.std::pair.163", %"struct.std::pair.163"* %6, i32 0, i32 1
  %8 = load i64, i64* %7, align 8
  %9 = uitofp i64 %8 to double
  %10 = fadd double %5, %9
  ret double %10
}

define double @testfn(%"struct.std::pair.156"* %_param_0, %"struct.std::pair.163"* %_param_1) personality i32 (...)* @__gxx_personality_v0 {
entry:
  %param_0 = alloca %"struct.std::pair.156"*
  %param_1 = alloca %"struct.std::pair.163"*
  br label %body

body:                                             ; preds = %entry
  store %"struct.std::pair.156"* %_param_0, %"struct.std::pair.156"** %param_0
  store %"struct.std::pair.163"* %_param_1, %"struct.std::pair.163"** %param_1
  %0 = load %"struct.std::pair.156"*, %"struct.std::pair.156"** %param_0
  %1 = call double @_Z26TestMismatchedLLVMTypeNamePSt4pairIdfE(%"struct.std::pair.156"* %0)
  %2 = load %"struct.std::pair.163"*, %"struct.std::pair.163"** %param_1
  %3 = call double @_Z27TestMismatchedLLVMTypeName2PSt4pairIdmE(%"struct.std::pair.163"* %2)
  %4 = fadd double %1, %3
  ret double %4
}

attributes #0 = { noinline nounwind optnone uwtable "correctly-rounded-divide-sqrt-fp-math"="false" "disable-tail-calls"="false" "frame-pointer"="all" "less-precise-fpmad"="false" "min-legal-vector-width"="0" "no-infs-fp-math"="false" "no-jump-tables"="false" "no-nans-fp-math"="false" "no-signed-zeros-fp-math"="false" "no-trapping-math"="false" "stack-protector-buffer-size"="8" "unsafe-fp-math"="false" "use-soft-float"="false" }

!llvm.ident = !{!0, !0}
!llvm.module.flags = !{!1, !2, !3}

!0 = !{!"clang version 10.0.0 "}
!1 = !{i32 7, !"Dwarf Version", i32 4}
!2 = !{i32 2, !"Debug Info Version", i32 3}
!3 = !{i32 1, !"wchar_size", i32 4}
