; ModuleID = 'test'
source_filename = "test"
target datalayout = "e-m:e-p270:32:32-p271:32:32-p272:64:64-i64:64-f80:128-n8:16:32:64-S128"
target triple = "x86_64-unknown-linux-gnu"

declare dso_local i32 @__gxx_personality_v0(...)

; Function Attrs: nofree norecurse nounwind
define zeroext i1 @testfn(i32 %_param_0, i8** nocapture %_param_1, i8** nocapture readonly %_param_2) local_unnamed_addr #0 personality i32 (...)* @__gxx_personality_v0 {
entry:
  %0 = icmp eq i32 %_param_0, 233
  br i1 %0, label %1, label %5

1:                                                ; preds = %entry
  %2 = load i8*, i8** %_param_1, align 8, !tbaa !4
  store i8 1, i8* %2, align 1, !tbaa !8
  %3 = bitcast i8** %_param_2 to i64*
  %4 = load i64, i64* %3, align 8, !tbaa !4
  br label %_ZN15TestCornerCases14BoolParamTest2ERbRPbPS1_.exit

5:                                                ; preds = %entry
  %6 = load i8*, i8** %_param_2, align 8, !tbaa !4
  %7 = getelementptr inbounds i8, i8* %6, i64 1
  %8 = load i8, i8* %7, align 1, !tbaa !8, !range !10
  %9 = load i8*, i8** %_param_1, align 8, !tbaa !4
  store i8 %8, i8* %9, align 1, !tbaa !8
  %10 = ptrtoint i8* %6 to i64
  br label %_ZN15TestCornerCases14BoolParamTest2ERbRPbPS1_.exit

_ZN15TestCornerCases14BoolParamTest2ERbRPbPS1_.exit: ; preds = %1, %5
  %11 = phi i64 [ %10, %5 ], [ %4, %1 ]
  %12 = phi i8* [ %9, %5 ], [ %2, %1 ]
  %13 = getelementptr inbounds i8, i8* %12, i64 1
  %14 = load i8, i8* %13, align 1, !tbaa !8, !range !10
  %15 = bitcast i8** %_param_1 to i64*
  store i64 %11, i64* %15, align 8, !tbaa !4
  %16 = load i8*, i8** %_param_2, align 8, !tbaa !4
  %17 = getelementptr inbounds i8, i8* %16, i64 2
  store i8 1, i8* %17, align 1, !tbaa !8
  %18 = getelementptr inbounds i8, i8* %16, i64 3
  store i8 0, i8* %18, align 1, !tbaa !8
  %19 = icmp ne i8 %14, 0
  ret i1 %19
}

attributes #0 = { nofree norecurse nounwind }

!llvm.ident = !{!0}
!llvm.module.flags = !{!1, !2, !3}

!0 = !{!"clang version 10.0.0 "}
!1 = !{i32 7, !"Dwarf Version", i32 4}
!2 = !{i32 2, !"Debug Info Version", i32 3}
!3 = !{i32 1, !"wchar_size", i32 4}
!4 = !{!5, !5, i64 0}
!5 = !{!"any pointer", !6, i64 0}
!6 = !{!"omnipotent char", !7, i64 0}
!7 = !{!"Simple C++ TBAA"}
!8 = !{!9, !9, i64 0}
!9 = !{!"bool", !6, i64 0}
!10 = !{i8 0, i8 2}
