Function testfn: return type does not match function prototype. Return statement returned int64_t, expects double