Call to function CalleeFn: wrong return type, expects int32_t got void