; ModuleID = 'test'
source_filename = "test"
target datalayout = "e-m:e-p270:32:32-p271:32:32-p272:64:64-i64:64-f80:128-n8:16:32:64-S128"
target triple = "x86_64-unknown-linux-gnu"

%"class.std::vector" = type { %"struct.std::_Vector_base" }
%"struct.std::_Vector_base" = type { %"struct.std::_Vector_base<int, std::allocator<int> >::_Vector_impl" }
%"struct.std::_Vector_base<int, std::allocator<int> >::_Vector_impl" = type { i32*, i32*, i32* }
%"struct.PochiVM::ReflectionHelper::tpl_sequence.21" = type { i8 }

declare dso_local i32 @__gxx_personality_v0(...)

; Function Attrs: noinline nounwind optnone uwtable
define available_externally dso_local void @_ZN7PochiVM16ReflectionHelper25destructor_wrapper_helperISt6vectorIiSaIiEEE9wrapperFnEPS4_(%"class.std::vector"* %0) #0 align 2 {
  %2 = alloca %"class.std::vector"*, align 8
  store %"class.std::vector"* %0, %"class.std::vector"** %2, align 8
  %3 = load %"class.std::vector"*, %"class.std::vector"** %2, align 8
  call void @_ZNSt6vectorIiSaIiEED2Ev(%"class.std::vector"* %3) #2
  ret void
}

; Function Attrs: noinline nounwind optnone uwtable
declare dso_local void @_ZNSt6vectorIiSaIiEED2Ev(%"class.std::vector"*) unnamed_addr #0 align 2

; Function Attrs: noinline optnone uwtable
define available_externally dso_local void @_ZN7PochiVM16ReflectionHelper26constructor_wrapper_helperISt6vectorIiSaIiEEJmiEE4callIJmiEEEvPS4_DpT_(%"class.std::vector"* %0, i64 %1, i32 %2) #1 align 2 {
  %4 = alloca %"class.std::vector"*, align 8
  %5 = alloca i64, align 8
  %6 = alloca i32, align 4
  %7 = alloca %"struct.PochiVM::ReflectionHelper::tpl_sequence.21", align 1
  store %"class.std::vector"* %0, %"class.std::vector"** %4, align 8
  store i64 %1, i64* %5, align 8
  store i32 %2, i32* %6, align 4
  %8 = load %"class.std::vector"*, %"class.std::vector"** %4, align 8
  %9 = load i64, i64* %5, align 8
  %10 = load i32, i32* %6, align 4
  call void @_ZN7PochiVM16ReflectionHelper26constructor_wrapper_helperISt6vectorIiSaIiEEJmiEE9call_implIJLi0ELi1EEJmiEEEvNS0_12tpl_sequenceIJXspT_EEEEPS4_DpT0_(%"class.std::vector"* %8, i64 %9, i32 %10)
  ret void
}

; Function Attrs: noinline optnone uwtable
declare dso_local void @_ZN7PochiVM16ReflectionHelper26constructor_wrapper_helperISt6vectorIiSaIiEEJmiEE9call_implIJLi0ELi1EEJmiEEEvNS0_12tpl_sequenceIJXspT_EEEEPS4_DpT0_(%"class.std::vector"*, i64, i32) #1 align 2

; Function Attrs: noinline optnone uwtable
define available_externally dso_local void @_Z13CopyVectorIntPSt6vectorIiSaIiEES2_(%"class.std::vector"* %0, %"class.std::vector"* %1) #1 {
  %3 = alloca %"class.std::vector"*, align 8
  %4 = alloca %"class.std::vector"*, align 8
  store %"class.std::vector"* %0, %"class.std::vector"** %3, align 8
  store %"class.std::vector"* %1, %"class.std::vector"** %4, align 8
  %5 = load %"class.std::vector"*, %"class.std::vector"** %4, align 8
  %6 = load %"class.std::vector"*, %"class.std::vector"** %3, align 8
  %7 = call dereferenceable(24) %"class.std::vector"* @_ZNSt6vectorIiSaIiEEaSERKS1_(%"class.std::vector"* %6, %"class.std::vector"* dereferenceable(24) %5)
  ret void
}

; Function Attrs: noinline optnone uwtable
declare dso_local dereferenceable(24) %"class.std::vector"* @_ZNSt6vectorIiSaIiEEaSERKS1_(%"class.std::vector"*, %"class.std::vector"* dereferenceable(24)) #1 align 2

define void @testfn(%"class.std::vector"* %_param_0, i64 %_param_1, i32 %_param_2) personality i32 (...)* @__gxx_personality_v0 {
entry:
  %param_0 = alloca %"class.std::vector"*
  %param_1 = alloca i64
  %param_2 = alloca i32
  %var_3 = alloca %"class.std::vector"
  %_cur_exception_object = alloca i8*
  %_cur_exception_type = alloca i32
  br label %body

body:                                             ; preds = %entry
  store %"class.std::vector"* %_param_0, %"class.std::vector"** %param_0
  store i64 %_param_1, i64* %param_1
  store i32 %_param_2, i32* %param_2
  %0 = load i64, i64* %param_1
  %1 = load i32, i32* %param_2
  call void @_ZN7PochiVM16ReflectionHelper26constructor_wrapper_helperISt6vectorIiSaIiEEJmiEE4callIJmiEEEvPS4_DpT_(%"class.std::vector"* %var_3, i64 %0, i32 %1)
  %2 = load %"class.std::vector"*, %"class.std::vector"** %param_0
  invoke void @_Z13CopyVectorIntPSt6vectorIiSaIiEES2_(%"class.std::vector"* %2, %"class.std::vector"* %var_3)
          to label %10 unwind label %landing_pad_0

resume_exception:                                 ; preds = %dtor_tree_0
  %3 = load i8*, i8** %_cur_exception_object
  %4 = load i32, i32* %_cur_exception_type
  %5 = insertvalue { i8*, i32 } undef, i8* %3, 0
  %6 = insertvalue { i8*, i32 } %5, i32 %4, 1
  resume { i8*, i32 } %6

dtor_tree_0:                                      ; preds = %landing_pad_0
  call void @_ZN7PochiVM16ReflectionHelper25destructor_wrapper_helperISt6vectorIiSaIiEEE9wrapperFnEPS4_(%"class.std::vector"* %var_3)
  br label %resume_exception

landing_pad_0:                                    ; preds = %body
  %7 = landingpad { i8*, i32 }
          cleanup
  %8 = extractvalue { i8*, i32 } %7, 0
  store i8* %8, i8** %_cur_exception_object
  %9 = extractvalue { i8*, i32 } %7, 1
  store i32 %9, i32* %_cur_exception_type
  br label %dtor_tree_0

10:                                               ; preds = %body
  call void @_ZN7PochiVM16ReflectionHelper25destructor_wrapper_helperISt6vectorIiSaIiEEE9wrapperFnEPS4_(%"class.std::vector"* %var_3)
  ret void
}

attributes #0 = { noinline nounwind optnone uwtable "correctly-rounded-divide-sqrt-fp-math"="false" "disable-tail-calls"="false" "frame-pointer"="all" "less-precise-fpmad"="false" "min-legal-vector-width"="0" "no-infs-fp-math"="false" "no-jump-tables"="false" "no-nans-fp-math"="false" "no-signed-zeros-fp-math"="false" "no-trapping-math"="false" "stack-protector-buffer-size"="8" "unsafe-fp-math"="false" "use-soft-float"="false" }
attributes #1 = { noinline optnone uwtable "correctly-rounded-divide-sqrt-fp-math"="false" "disable-tail-calls"="false" "frame-pointer"="all" "less-precise-fpmad"="false" "min-legal-vector-width"="0" "no-infs-fp-math"="false" "no-jump-tables"="false" "no-nans-fp-math"="false" "no-signed-zeros-fp-math"="false" "no-trapping-math"="false" "stack-protector-buffer-size"="8" "unsafe-fp-math"="false" "use-soft-float"="false" }
attributes #2 = { nounwind }

!llvm.ident = !{!0, !0, !0}
!llvm.module.flags = !{!1, !2, !3}

!0 = !{!"clang version 10.0.0 "}
!1 = !{i32 7, !"Dwarf Version", i32 4}
!2 = !{i32 2, !"Debug Info Version", i32 3}
!3 = !{i32 1, !"wchar_size", i32 4}
