; ModuleID = 'test'
source_filename = "test"
target datalayout = "e-m:e-p270:32:32-p271:32:32-p272:64:64-i64:64-f80:128-n8:16:32:64-S128"
target triple = "x86_64-unknown-linux-gnu"

@.str.72 = private unnamed_addr constant [9 x i8] c"12345678\00", align 1

declare dso_local i32 @__gxx_personality_v0(...)

; Function Attrs: nofree nounwind readonly
declare dso_local i32 @strcmp(i8* nocapture, i8* nocapture) local_unnamed_addr #0

; Function Attrs: nofree nounwind
define zeroext i1 @testfn(i8* nocapture readonly %_param_0) local_unnamed_addr #1 personality i32 (...)* @__gxx_personality_v0 {
entry:
  %0 = tail call i32 @strcmp(i8* nonnull dereferenceable(1) %_param_0, i8* nonnull dereferenceable(9) getelementptr inbounds ([9 x i8], [9 x i8]* @.str.72, i64 0, i64 0)) #2
  %1 = icmp eq i32 %0, 0
  ret i1 %1
}

attributes #0 = { nofree nounwind readonly "correctly-rounded-divide-sqrt-fp-math"="false" "disable-tail-calls"="false" "frame-pointer"="none" "less-precise-fpmad"="false" "no-infs-fp-math"="false" "no-nans-fp-math"="false" "no-signed-zeros-fp-math"="false" "no-trapping-math"="false" "stack-protector-buffer-size"="8" "unsafe-fp-math"="false" "use-soft-float"="false" }
attributes #1 = { nofree nounwind }
attributes #2 = { nounwind readonly }

!llvm.ident = !{!0}
!llvm.module.flags = !{!1, !2, !3}

!0 = !{!"clang version 10.0.0 "}
!1 = !{i32 7, !"Dwarf Version", i32 4}
!2 = !{i32 2, !"Debug Info Version", i32 3}
!3 = !{i32 1, !"wchar_size", i32 4}
