; ModuleID = 'test'
source_filename = "test"
target datalayout = "e-m:e-p270:32:32-p271:32:32-p272:64:64-i64:64-f80:128-n8:16:32:64-S128"
target triple = "x86_64-unknown-linux-gnu"

%class.TestNonTrivialConstructor = type { i32 }
%"class.std::bad_function_call" = type { %"class.std::exception" }
%"class.std::exception" = type { i32 (...)** }

@_ZTI25TestNonTrivialConstructor = external dso_local constant { i8*, i8* }
@_ZTVSt17bad_function_call = external dso_local unnamed_addr constant { [5 x i8*] }, align 8
@_ZTISt17bad_function_call = external dso_local constant i8*

declare dso_local i32 @__gxx_personality_v0(...)

; Function Attrs: nounwind
declare dso_local i8* @__cxa_allocate_exception(i64) #0

; Function Attrs: nounwind
declare dso_local void @__cxa_free_exception(i8*) #0

declare dso_local void @__cxa_throw(i8*, i8*, i8*)

; Function Attrs: nounwind uwtable
define available_externally dso_local void @_ZN7PochiVM16ReflectionHelper25destructor_wrapper_helperI25TestNonTrivialConstructorE9wrapperFnEPS2_(%class.TestNonTrivialConstructor* %0) #1 align 2 {
  ret void
}

; Function Attrs: uwtable
define available_externally dso_local void @_ZN7PochiVM16ReflectionHelper23function_wrapper_helperIXadL_ZN25TestNonTrivialConstructor7Create2EiEEE15call_fn_wrapperIS2_vE4callIJiEEEvPS2_DpT_(%class.TestNonTrivialConstructor* %0, i32 %1) #2 align 2 personality i32 (...)* @__gxx_personality_v0 {
  %3 = icmp eq i32 %1, 12345
  br i1 %3, label %4, label %7

4:                                                ; preds = %2
  %5 = tail call i8* @__cxa_allocate_exception(i64 8) #0
  %6 = bitcast i8* %5 to i32 (...)***
  store i32 (...)** bitcast (i8** getelementptr inbounds ({ [5 x i8*] }, { [5 x i8*] }* @_ZTVSt17bad_function_call, i64 0, inrange i32 0, i64 2) to i32 (...)**), i32 (...)*** %6, align 8, !tbaa !4
  tail call void @__cxa_throw(i8* %5, i8* bitcast (i8** @_ZTISt17bad_function_call to i8*), i8* bitcast (void (%"class.std::bad_function_call"*)* @_ZNSt17bad_function_callD1Ev to i8*)) #4
  unreachable

7:                                                ; preds = %2
  %8 = getelementptr inbounds %class.TestNonTrivialConstructor, %class.TestNonTrivialConstructor* %0, i64 0, i32 0
  store i32 %1, i32* %8, align 4
  ret void
}

; Function Attrs: nounwind
declare dso_local void @_ZNSt17bad_function_callD1Ev(%"class.std::bad_function_call"*) unnamed_addr #3

define void @testfn(i32 %_param_0) personality i32 (...)* @__gxx_personality_v0 {
entry:
  %param_0 = alloca i32
  %_cur_exception_object = alloca i8*
  %_cur_exception_type = alloca i32
  br label %body

body:                                             ; preds = %entry
  store i32 %_param_0, i32* %param_0
  %0 = call i8* @__cxa_allocate_exception(i64 4)
  %1 = bitcast i8* %0 to %class.TestNonTrivialConstructor*
  %2 = load i32, i32* %param_0
  invoke void @_ZN7PochiVM16ReflectionHelper23function_wrapper_helperIXadL_ZN25TestNonTrivialConstructor7Create2EiEEE15call_fn_wrapperIS2_vE4callIJiEEEvPS2_DpT_(%class.TestNonTrivialConstructor* %1, i32 %2)
          to label %10 unwind label %landing_pad_0

resume_exception:                                 ; preds = %dtor_tree_0
  %3 = load i8*, i8** %_cur_exception_object
  %4 = load i32, i32* %_cur_exception_type
  %5 = insertvalue { i8*, i32 } undef, i8* %3, 0
  %6 = insertvalue { i8*, i32 } %5, i32 %4, 1
  resume { i8*, i32 } %6

dtor_tree_0:                                      ; preds = %dtor_tree_1
  br label %resume_exception

dtor_tree_1:                                      ; preds = %landing_pad_0
  call void @__cxa_free_exception(i8* %0)
  br label %dtor_tree_0

landing_pad_0:                                    ; preds = %body
  %7 = landingpad { i8*, i32 }
          cleanup
  %8 = extractvalue { i8*, i32 } %7, 0
  store i8* %8, i8** %_cur_exception_object
  %9 = extractvalue { i8*, i32 } %7, 1
  store i32 %9, i32* %_cur_exception_type
  br label %dtor_tree_1

10:                                               ; preds = %body
  call void @__cxa_throw(i8* %0, i8* bitcast ({ i8*, i8* }* @_ZTI25TestNonTrivialConstructor to i8*), i8* bitcast (void (%class.TestNonTrivialConstructor*)* @_ZN7PochiVM16ReflectionHelper25destructor_wrapper_helperI25TestNonTrivialConstructorE9wrapperFnEPS2_ to i8*))
  unreachable
}

attributes #0 = { nounwind }
attributes #1 = { nounwind uwtable "correctly-rounded-divide-sqrt-fp-math"="false" "disable-tail-calls"="false" "frame-pointer"="none" "less-precise-fpmad"="false" "min-legal-vector-width"="0" "no-infs-fp-math"="false" "no-jump-tables"="false" "no-nans-fp-math"="false" "no-signed-zeros-fp-math"="false" "no-trapping-math"="false" "stack-protector-buffer-size"="8" "unsafe-fp-math"="false" "use-soft-float"="false" }
attributes #2 = { uwtable "correctly-rounded-divide-sqrt-fp-math"="false" "disable-tail-calls"="false" "frame-pointer"="none" "less-precise-fpmad"="false" "min-legal-vector-width"="0" "no-infs-fp-math"="false" "no-jump-tables"="false" "no-nans-fp-math"="false" "no-signed-zeros-fp-math"="false" "no-trapping-math"="false" "stack-protector-buffer-size"="8" "unsafe-fp-math"="false" "use-soft-float"="false" }
attributes #3 = { nounwind "correctly-rounded-divide-sqrt-fp-math"="false" "disable-tail-calls"="false" "frame-pointer"="none" "less-precise-fpmad"="false" "no-infs-fp-math"="false" "no-nans-fp-math"="false" "no-signed-zeros-fp-math"="false" "no-trapping-math"="false" "stack-protector-buffer-size"="8" "unsafe-fp-math"="false" "use-soft-float"="false" }
attributes #4 = { noreturn }

!llvm.ident = !{!0, !0}
!llvm.module.flags = !{!1, !2, !3}

!0 = !{!"clang version 10.0.0 "}
!1 = !{i32 7, !"Dwarf Version", i32 4}
!2 = !{i32 2, !"Debug Info Version", i32 3}
!3 = !{i32 1, !"wchar_size", i32 4}
!4 = !{!5, !5, i64 0}
!5 = !{!"vtable pointer", !6, i64 0}
!6 = !{!"Simple C++ TBAA"}
