Call to function CalleeFn: wrong number of parameters, expects 1 got 2