; ModuleID = 'test'
source_filename = "test"
target datalayout = "e-m:e-p270:32:32-p271:32:32-p272:64:64-i64:64-f80:128-n8:16:32:64-S128"
target triple = "x86_64-unknown-linux-gnu"

%"class.std::bad_alloc" = type { %"class.std::exception" }
%"class.std::exception" = type { i32 (...)** }

@_ZTISt9bad_alloc = external dso_local constant i8*
@_ZTVSt9bad_alloc = external dso_local unnamed_addr constant { [5 x i8*] }, align 8

declare dso_local i32 @__gxx_personality_v0(...)

; Function Attrs: nounwind
declare dso_local i8* @__cxa_allocate_exception(i64) local_unnamed_addr #0

declare dso_local void @__cxa_throw(i8*, i8*, i8*) local_unnamed_addr

; Function Attrs: nounwind uwtable
declare dso_local void @_ZN7PochiVM16ReflectionHelper25destructor_wrapper_helperISt9bad_allocE9wrapperFnEPS2_(%"class.std::bad_alloc"*) #1 align 2

define void @testfn() local_unnamed_addr personality i32 (...)* @__gxx_personality_v0 {
entry:
  %0 = tail call i8* @__cxa_allocate_exception(i64 8)
  %1 = bitcast i8* %0 to i32 (...)***
  store i32 (...)** bitcast (i8** getelementptr inbounds ({ [5 x i8*] }, { [5 x i8*] }* @_ZTVSt9bad_alloc, i64 0, inrange i32 0, i64 2) to i32 (...)**), i32 (...)*** %1, align 8, !tbaa !4
  tail call void @__cxa_throw(i8* %0, i8* bitcast (i8** @_ZTISt9bad_alloc to i8*), i8* bitcast (void (%"class.std::bad_alloc"*)* @_ZN7PochiVM16ReflectionHelper25destructor_wrapper_helperISt9bad_allocE9wrapperFnEPS2_ to i8*))
  unreachable
}

attributes #0 = { nounwind }
attributes #1 = { nounwind uwtable "correctly-rounded-divide-sqrt-fp-math"="false" "disable-tail-calls"="false" "frame-pointer"="none" "less-precise-fpmad"="false" "min-legal-vector-width"="0" "no-infs-fp-math"="false" "no-jump-tables"="false" "no-nans-fp-math"="false" "no-signed-zeros-fp-math"="false" "no-trapping-math"="false" "stack-protector-buffer-size"="8" "unsafe-fp-math"="false" "use-soft-float"="false" }

!llvm.ident = !{!0, !0}
!llvm.module.flags = !{!1, !2, !3}

!0 = !{!"clang version 10.0.0 "}
!1 = !{i32 7, !"Dwarf Version", i32 4}
!2 = !{i32 2, !"Debug Info Version", i32 3}
!3 = !{i32 1, !"wchar_size", i32 4}
!4 = !{!5, !5, i64 0}
!5 = !{!"vtable pointer", !6, i64 0}
!6 = !{!"Simple C++ TBAA"}
