; ModuleID = 'test'
source_filename = "test"
target datalayout = "e-m:e-p270:32:32-p271:32:32-p272:64:64-i64:64-f80:128-n8:16:32:64-S128"
target triple = "x86_64-unknown-linux-gnu"

%class.TestDestructor2 = type <{ %class.CtorDtorOrderRecorder*, i32, [4 x i8] }>
%class.CtorDtorOrderRecorder = type { i32, %"class.std::vector" }
%"class.std::vector" = type { %"struct.std::_Vector_base" }
%"struct.std::_Vector_base" = type { %"struct.std::_Vector_base<int, std::allocator<int> >::_Vector_impl" }
%"struct.std::_Vector_base<int, std::allocator<int> >::_Vector_impl" = type { i32*, i32*, i32* }

@_ZTI15TestDestructor2 = external dso_local constant { i8*, i8* }

declare dso_local i32 @__gxx_personality_v0(...)

; Function Attrs: nounwind
declare dso_local i8* @__cxa_allocate_exception(i64) local_unnamed_addr #0

declare dso_local void @__cxa_throw(i8*, i8*, i8*) local_unnamed_addr

; Function Attrs: nounwind uwtable
declare dso_local void @_ZN7PochiVM16ReflectionHelper25destructor_wrapper_helperI15TestDestructor2E9wrapperFnEPS2_(%class.TestDestructor2*) #1 align 2

; Function Attrs: nounwind uwtable
declare dso_local void @_ZN7PochiVM16ReflectionHelper23function_wrapper_helperIXadL_ZN15TestDestructor26CreateEP21CtorDtorOrderRecorderiEEE15call_fn_wrapperIS2_vE4callIJS4_iEEEvPS2_DpT_(%class.TestDestructor2*, %class.CtorDtorOrderRecorder*, i32) local_unnamed_addr #1 align 2

define void @testfn(i32 %_param_0, %class.CtorDtorOrderRecorder* %_param_1) local_unnamed_addr personality i32 (...)* @__gxx_personality_v0 {
entry:
  %0 = tail call i8* @__cxa_allocate_exception(i64 16)
  %1 = bitcast i8* %0 to %class.TestDestructor2*
  tail call void @_ZN7PochiVM16ReflectionHelper23function_wrapper_helperIXadL_ZN15TestDestructor26CreateEP21CtorDtorOrderRecorderiEEE15call_fn_wrapperIS2_vE4callIJS4_iEEEvPS2_DpT_(%class.TestDestructor2* %1, %class.CtorDtorOrderRecorder* %_param_1, i32 %_param_0)
  tail call void @__cxa_throw(i8* %0, i8* bitcast ({ i8*, i8* }* @_ZTI15TestDestructor2 to i8*), i8* bitcast (void (%class.TestDestructor2*)* @_ZN7PochiVM16ReflectionHelper25destructor_wrapper_helperI15TestDestructor2E9wrapperFnEPS2_ to i8*))
  unreachable
}

attributes #0 = { nounwind }
attributes #1 = { nounwind uwtable "correctly-rounded-divide-sqrt-fp-math"="false" "disable-tail-calls"="false" "frame-pointer"="none" "less-precise-fpmad"="false" "min-legal-vector-width"="0" "no-infs-fp-math"="false" "no-jump-tables"="false" "no-nans-fp-math"="false" "no-signed-zeros-fp-math"="false" "no-trapping-math"="false" "stack-protector-buffer-size"="8" "unsafe-fp-math"="false" "use-soft-float"="false" }

!llvm.ident = !{!0, !0}
!llvm.module.flags = !{!1, !2, !3}

!0 = !{!"clang version 10.0.0 "}
!1 = !{i32 7, !"Dwarf Version", i32 4}
!2 = !{i32 2, !"Debug Info Version", i32 3}
!3 = !{i32 1, !"wchar_size", i32 4}
