; ModuleID = '_ZN7PochiVM16ReflectionHelper23function_wrapper_helperIXadL_Z21FreeFnTestSmallClass214TestSmallClassS2_S2_EEE15call_fn_wrapperIS2_vE4callIJPS2_S7_S7_EEEvS7_DpT_'
source_filename = "../../runtime/pochivm_register_runtime.cpp"
target datalayout = "e-m:e-p270:32:32-p271:32:32-p272:64:64-i64:64-f80:128-n8:16:32:64-S128"
target triple = "x86_64-unknown-linux-gnu"

%class.TestSmallClass = type <{ %class.TestLargeClass*, i8, i8, i16, [4 x i8] }>
%class.TestLargeClass = type { i64, i64, i16, i32, %class.TestSmallClass* }

declare dso_local i32 @__gxx_personality_v0(...)

; Function Attrs: nofree norecurse nounwind uwtable
define dso_local void @_ZN7PochiVM16ReflectionHelper23function_wrapper_helperIXadL_Z21FreeFnTestSmallClass214TestSmallClassS2_S2_EEE15call_fn_wrapperIS2_vE4callIJPS2_S7_S7_EEEvS7_DpT_(%class.TestSmallClass* nocapture %0, %class.TestSmallClass* nocapture readonly %1, %class.TestSmallClass* nocapture readonly %2, %class.TestSmallClass* nocapture readonly %3) local_unnamed_addr #0 align 2 personality i32 (...)* @__gxx_personality_v0 {
  %5 = bitcast %class.TestSmallClass* %1 to i64*
  %6 = load i64, i64* %5, align 8, !tbaa.struct !4
  %7 = getelementptr inbounds %class.TestSmallClass, %class.TestSmallClass* %1, i64 0, i32 1
  %8 = bitcast i8* %7 to i64*
  %9 = load i64, i64* %8, align 8, !tbaa.struct !4
  %10 = getelementptr inbounds %class.TestSmallClass, %class.TestSmallClass* %2, i64 0, i32 1
  %11 = bitcast i8* %10 to i64*
  %12 = load i64, i64* %11, align 8, !tbaa.struct !4
  %13 = getelementptr inbounds %class.TestSmallClass, %class.TestSmallClass* %3, i64 0, i32 1
  %14 = bitcast i8* %13 to i64*
  %15 = load i64, i64* %14, align 8, !tbaa.struct !4
  %16 = and i64 %9, 4294901760
  %17 = add i64 %16, %12
  %18 = and i64 %17, 4294901760
  %19 = and i64 %9, -4294902016
  %20 = or i64 %18, %19
  %21 = add i64 %15, %9
  %22 = and i64 %21, 255
  %23 = or i64 %20, %22
  %24 = bitcast %class.TestSmallClass* %0 to i64*
  store i64 %6, i64* %24, align 8
  %25 = getelementptr inbounds %class.TestSmallClass, %class.TestSmallClass* %0, i64 0, i32 1
  %26 = bitcast i8* %25 to i64*
  store i64 %23, i64* %26, align 8
  ret void
}

attributes #0 = { nofree norecurse nounwind uwtable "correctly-rounded-divide-sqrt-fp-math"="false" "disable-tail-calls"="false" "frame-pointer"="none" "less-precise-fpmad"="false" "min-legal-vector-width"="0" "no-infs-fp-math"="false" "no-jump-tables"="false" "no-nans-fp-math"="false" "no-signed-zeros-fp-math"="false" "no-trapping-math"="false" "stack-protector-buffer-size"="8" "unsafe-fp-math"="false" "use-soft-float"="false" }

!llvm.module.flags = !{!0, !1, !2}
!llvm.ident = !{!3, !3}

!0 = !{i32 7, !"Dwarf Version", i32 4}
!1 = !{i32 2, !"Debug Info Version", i32 3}
!2 = !{i32 1, !"wchar_size", i32 4}
!3 = !{!"clang version 10.0.0 "}
!4 = !{i64 0, i64 8, !5, i64 8, i64 1, !9, i64 10, i64 2, !10}
!5 = !{!6, !6, i64 0}
!6 = !{!"any pointer", !7, i64 0}
!7 = !{!"omnipotent char", !8, i64 0}
!8 = !{!"Simple C++ TBAA"}
!9 = !{!7, !7, i64 0}
!10 = !{!11, !11, i64 0}
!11 = !{!"short", !7, i64 0}
