Call to function CalleeFn: parameter 0 has wrong type, expects int32_t got double