; ModuleID = 'test'
source_filename = "test"

declare dso_local i32 @__gxx_personality_v0(...)

define i32 @GoodFn(i32 %_param_0) personality i32 (...)* @__gxx_personality_v0 {
entry:
  %param_0 = alloca i32
  %var_1 = alloca i32
  br label %body

body:                                             ; preds = %entry
  store i32 %_param_0, i32* %param_0
  store i32 0, i32* %var_1
  br label %forloop_head0

forloop_head0:                                    ; preds = %forloop_step0, %body
  %0 = load i32, i32* %var_1
  %1 = load i32, i32* %param_0
  %2 = icmp slt i32 %0, %1
  br i1 %2, label %forloop_body0, label %after_forloop0

forloop_body0:                                    ; preds = %forloop_head0
  %3 = load i32, i32* %var_1
  %4 = srem i32 %3, 2
  %if0 = icmp eq i32 %4, 0
  br i1 %if0, label %then0, label %else0

then0:                                            ; preds = %forloop_body0
  br label %after_forloop0

else0:                                            ; preds = %forloop_body0
  br label %forloop_step0

forloop_step0:                                    ; preds = %else0
  %5 = load i32, i32* %var_1
  %6 = add i32 %5, 1
  store i32 %6, i32* %var_1
  br label %forloop_head0

after_forloop0:                                   ; preds = %then0, %forloop_head0
  %7 = load i32, i32* %param_0
  ret i32 %7
}
